Start mission
Arm
Arm success: True
Offboard
Offboard success: True
Take Off
Take Off success: True
Run mission
Go to 7 using astar with 2 subgoals
  ✗ ArUco marker 84 NOT seen at viewpoint 7
Viewpoint done
Go to 10 using astar with 2 subgoals
  ✗ ArUco marker 34 NOT seen at viewpoint 10
Viewpoint done
Go to 4 using astar with 2 subgoals
  ✗ ArUco marker 54 NOT seen at viewpoint 4
Viewpoint done
Go to 17 using astar with 2 subgoals
  ✗ ArUco marker 24 NOT seen at viewpoint 17
Viewpoint done
Go to 6 using astar with 2 subgoals
Viewpoint 6 failed (action timeout/sim quirk), continuing to next
Go to 18 using astar with 2 subgoals
Viewpoint 18 failed (action timeout/sim quirk), continuing to next
Go to 1 using astar with 2 subgoals
Viewpoint 1 failed (action timeout/sim quirk), continuing to next
Go to 15 using astar with 2 subgoals
Viewpoint 15 failed (action timeout/sim quirk), continuing to next
Go to 16 using astar with 2 subgoals
Viewpoint 16 failed (action timeout/sim quirk), continuing to next
Go to 19 using astar with 2 subgoals
Viewpoint 19 failed (action timeout/sim quirk), continuing to next
Go to 20 using astar with 2 subgoals
