Start mission
Arm
Arm success: True
Offboard
Offboard success: True
Take Off
Take Off success: True
Run mission
Go to 1 using straight with 1 subgoals
  ✗ ArUco marker 24 NOT seen at viewpoint 1
Viewpoint done
Go to 2 using straight with 1 subgoals
  ✗ ArUco marker 34 NOT seen at viewpoint 2
Viewpoint done
Go to 3 using straight with 1 subgoals
  ✗ ArUco marker 44 NOT seen at viewpoint 3
Viewpoint done
Go to 4 using straight with 1 subgoals
  ✗ ArUco marker 54 NOT seen at viewpoint 4
Viewpoint done
Go to 5 using straight with 1 subgoals
  ✗ ArUco marker 64 NOT seen at viewpoint 5
Viewpoint done
Go to 6 using straight with 1 subgoals
Viewpoint 6 failed (action timeout/sim quirk), continuing to next
Go to 7 using straight with 1 subgoals
Viewpoint 7 failed (action timeout/sim quirk), continuing to next
Go to 8 using straight with 1 subgoals
Viewpoint 8 failed (action timeout/sim quirk), continuing to next
Go to 9 using straight with 1 subgoals
Viewpoint 9 failed (action timeout/sim quirk), continuing to next
Go to 10 using straight with 1 subgoals
Viewpoint 10 failed (action timeout/sim quirk), continuing to next
Go to 11 using straight with 1 subgoals
Viewpoint 11 failed (action timeout/sim quirk), continuing to next
Go to 12 using straight with 1 subgoals
Viewpoint 12 failed (action timeout/sim quirk), continuing to next
Go to 13 using straight with 1 subgoals
Viewpoint 13 failed (action timeout/sim quirk), continuing to next
Go to 14 using straight with 1 subgoals
Viewpoint 14 failed (action timeout/sim quirk), continuing to next
Go to 15 using straight with 1 subgoals
Viewpoint 15 failed (action timeout/sim quirk), continuing to next
Go to 16 using straight with 1 subgoals
Viewpoint 16 failed (action timeout/sim quirk), continuing to next
Go to 17 using straight with 1 subgoals
Viewpoint 17 failed (action timeout/sim quirk), continuing to next
Go to 18 using straight with 1 subgoals
Viewpoint 18 failed (action timeout/sim quirk), continuing to next
Go to 19 using straight with 1 subgoals
Viewpoint 19 failed (action timeout/sim quirk), continuing to next
Go to 20 using straight with 1 subgoals
Viewpoint 20 failed (action timeout/sim quirk), continuing to next
---------------------------------
Tour of scenarios/scenario3.yaml took 430.06774711608887 seconds
---------------------------------
Returning to start pose: [0.0, 0.0, 1.0], yaw=0.0
Return-to-start failed: stuck_no_progress
End mission
Land
Land success: False
Manual
Manual exception: failed to create client: rcl node's context is invalid, at ./src/rcl/node.c:428
Disarm
Disarm exception: failed to create client: rcl node's context is invalid, at ./src/rcl/node.c:428
