Start mission
Arm
Arm success: True
Offboard
Offboard success: True
Take Off
Take Off success: True
Run mission
Go to 1 using rrts with 2 subgoals
Detected IDs: [24]
Detected IDs: [24]
Detected IDs: [24]
Detected IDs: [24]
Detected IDs: [24]

============================================================
  ✓ ArUco MARKER 24 VERIFIED at viewpoint 1
============================================================
Viewpoint done
Go to 2 using rrts with 2 subgoals
Detected IDs: [24]
Detected IDs: [24, 24]
Detected IDs: [24]
Detected IDs: [24, 24]
Detected IDs: [14]
Detected IDs: [14, 64, 54]
Detected IDs: [34, 54, 74]
Detected IDs: [34, 74]
Detected IDs: [74, 54, 34]
Detected IDs: [34]
Detected IDs: [54]
Detected IDs: [84, 64, 54]
Detected IDs: [84, 54]
Detected IDs: [64, 54]
Detected IDs: [54]
Detected IDs: [84, 34]

============================================================
  ✓ ArUco MARKER 34 VERIFIED at viewpoint 2
============================================================
Viewpoint done
Go to 3 using rrts with 2 subgoals
Detected IDs: [84, 34]
Detected IDs: [84, 34, 44, 54]
Detected IDs: [44, 34]
Detected IDs: [14]
Detected IDs: [14]
Detected IDs: [44]
Detected IDs: [44]
Detected IDs: [44]
Detected IDs: [44]
Detected IDs: [44]
Detected IDs: [44]
Detected IDs: [44]
Detected IDs: [44]
Detected IDs: [44]
Detected IDs: [44]
Detected IDs: [44]

============================================================
  ✓ ArUco MARKER 44 VERIFIED at viewpoint 3
============================================================
Viewpoint done
Go to 4 using rrts with 2 subgoals
Detected IDs: [44]
Detected IDs: [84, 64]
Detected IDs: [84, 64]
Detected IDs: [54]

============================================================
  ✓ ArUco MARKER 54 VERIFIED at viewpoint 4
============================================================
Viewpoint done
Go to 5 using rrts with 2 subgoals
Detected IDs: [54]
Detected IDs: [54]
Detected IDs: [44, 54]
Detected IDs: [54]
Detected IDs: [84]
Detected IDs: [84]
Detected IDs: [84]
  ✗ ArUco marker 64 NOT seen at viewpoint 5
Viewpoint done
Go to 6 using rrts with 2 subgoals
Detected IDs: [44]
Detected IDs: [44, 14]
Detected IDs: [74]
Detected IDs: [24, 74]
Detected IDs: [24, 74]

============================================================
  ✓ ArUco MARKER 74 VERIFIED at viewpoint 6
============================================================
Viewpoint done
Go to 7 using rrts with 2 subgoals
Detected IDs: [24, 74, 34]
Detected IDs: [14, 74, 34]
Detected IDs: [34]
Detected IDs: [14, 84, 44]
Detected IDs: [84]
Detected IDs: [84, 64, 44, 14]
Detected IDs: [84, 44, 14]
Detected IDs: [84, 44, 14]
Detected IDs: [84, 44]
Detected IDs: [84, 64]
Detected IDs: [84, 64]
Detected IDs: [84]
Detected IDs: [84]
Detected IDs: [84]

============================================================
  ✓ ArUco MARKER 84 VERIFIED at viewpoint 7
============================================================
Viewpoint done
Go to 8 using rrts with 2 subgoals
Detected IDs: [84]
Detected IDs: [14]

============================================================
  ✓ ArUco MARKER 14 VERIFIED at viewpoint 8
============================================================
Viewpoint done
Go to 9 using rrts with 2 subgoals
Detected IDs: [24]
Detected IDs: [24]

============================================================
  ✓ ArUco MARKER 24 VERIFIED at viewpoint 9
============================================================
Viewpoint done
Go to 10 using rrts with 2 subgoals
Detected IDs: [44, 14, 34]

============================================================
  ✓ ArUco MARKER 34 VERIFIED at viewpoint 10
============================================================
Viewpoint done
---------------------------------
Tour of scenarios/scenario1.yaml took 137.94170546531677 seconds
---------------------------------
Returning to start pose: [0.0, 0.0, 1.0], yaw=0.0
Detected IDs: [44, 14]
Detected IDs: [84, 64]
Return-to-start verified: True
End mission
Land
Land success: True
Manual
Manual success: True
Disarm
Disarm success: False
