Start mission
Arm
Arm success: True
Offboard
Offboard success: True
Take Off
Take Off success: True
Run mission
Go to 1 using straight with 1 subgoals
Detected IDs: [44, 14]
Detected IDs: [44]
Detected IDs: [24]
Detected IDs: [24, 24]
Detected IDs: [24, 24]
Detected IDs: [24, 24]
Detected IDs: [24]
Detected IDs: [24]
Detected IDs: [24]
Detected IDs: [24]
Detected IDs: [24]
Detected IDs: [24, 24]

============================================================
  ✓ ArUco MARKER 24 VERIFIED at viewpoint 1
============================================================
Viewpoint done
Go to 2 using straight with 1 subgoals
Detected IDs: [24, 24]
Detected IDs: [24, 24]
Detected IDs: [24, 24]
Detected IDs: [24, 24]
Detected IDs: [24]
Detected IDs: [54]
Detected IDs: [14, 34]
Detected IDs: [14, 34]
Detected IDs: [64, 34]
Detected IDs: [34, 54, 74]
Detected IDs: [54]
Detected IDs: [54]
Detected IDs: [84, 54]
Detected IDs: [84, 54]
  ✗ ArUco marker 34 NOT seen at viewpoint 2
Viewpoint done
Go to 3 using straight with 1 subgoals
Detected IDs: [64, 34]
Detected IDs: [44, 34, 14]
Detected IDs: [44, 14]
Detected IDs: [44, 14]
Detected IDs: [44, 14]
Detected IDs: [44]
Detected IDs: [44]
Detected IDs: [44]
Detected IDs: [44]
Detected IDs: [44]
Detected IDs: [44]
Detected IDs: [44]

============================================================
  ✓ ArUco MARKER 44 VERIFIED at viewpoint 3
============================================================
Viewpoint done
Go to 4 using straight with 1 subgoals
Detected IDs: [44]
Detected IDs: [24]
Viewpoint 4 failed (action timeout/sim quirk), continuing to next
Go to 5 using straight with 1 subgoals
Viewpoint 5 failed (action timeout/sim quirk), continuing to next
Go to 6 using straight with 1 subgoals
Detected IDs: [44]
Detected IDs: [44]
Detected IDs: [44]
Detected IDs: [44]
Detected IDs: [44]
Detected IDs: [14]
Detected IDs: [24]
Detected IDs: [24, 74]
Detected IDs: [24, 74]
Detected IDs: [24, 74]
Detected IDs: [24]
Detected IDs: [24]
Detected IDs: [24, 74]

============================================================
  ✓ ArUco MARKER 74 VERIFIED at viewpoint 6
============================================================
Viewpoint done
Go to 7 using straight with 1 subgoals
Detected IDs: [14, 44, 74]
Detected IDs: [14, 84, 44]
Detected IDs: [84, 44]
Detected IDs: [84, 64, 44, 14]
Detected IDs: [84, 64, 44]
Detected IDs: [84, 44, 14]
Detected IDs: [84, 64, 44]
Detected IDs: [84, 64]
Detected IDs: [84]
Detected IDs: [84]
Detected IDs: [84]
Detected IDs: [84]
Detected IDs: [84]
Detected IDs: [84]
Detected IDs: [84]

============================================================
  ✓ ArUco MARKER 84 VERIFIED at viewpoint 7
============================================================
Viewpoint done
Go to 8 using straight with 1 subgoals
Detected IDs: [84]
Detected IDs: [84]
Detected IDs: [84]
Detected IDs: [84]
Detected IDs: [84]
Detected IDs: [84]
Detected IDs: [84]
Detected IDs: [84]
Detected IDs: [14, 84]
Detected IDs: [14, 84]
Detected IDs: [14]

============================================================
  ✓ ArUco MARKER 14 VERIFIED at viewpoint 8
============================================================
Viewpoint done
Go to 9 using straight with 1 subgoals
Detected IDs: [44]
Detected IDs: [44]
Detected IDs: [24]

============================================================
  ✓ ArUco MARKER 24 VERIFIED at viewpoint 9
============================================================
Viewpoint done
Go to 10 using straight with 1 subgoals
Detected IDs: [34]
Detected IDs: [44, 14, 34]
Detected IDs: [44, 14, 34]

============================================================
  ✓ ArUco MARKER 34 VERIFIED at viewpoint 10
============================================================
Viewpoint done
---------------------------------
Tour of scenarios/scenario2.yaml took 149.56664323806763 seconds
---------------------------------
Returning to start pose: [0.0, 0.0, 1.0], yaw=0.0
Detected IDs: [44, 14]
Return-to-start verified: True
End mission
Land
Land success: True
Manual
Manual success: True
Disarm
Disarm success: False
