[INFO] [1787018637.402639502] [drone0.drone0_interface]: Starting drone0
[INFO] [1787018637.986146407] [drone0.drone0_interface]: drone0 interface initialized
[WARN] [1787018747.452049150] [drone0.drone0_interface]: set_arming_state returned failure (may be state/already armed)
Running mission for drone drone0
Reading scenario scenarios/scenario1.yaml
Start mission
Arm
Arm success: True
Offboard
Offboard success: True
Take Off
Take Off success: True
Run mission
Go to 4 using rrts with 2 subgoals
Detected IDs: [84]
Detected IDs: [84, 64]
Detected IDs: [64]
Detected IDs: [84]
Detected IDs: [84]
Detected IDs: [84]
Detected IDs: [84]
Detected IDs: [84, 64]
Detected IDs: [54]
Detected IDs: [54]
Detected IDs: [54]

============================================================
  ✓ ArUco MARKER 54 VERIFIED at viewpoint 4
============================================================
Viewpoint done
Go to 10 using rrts with 2 subgoals
Detected IDs: [54]
Detected IDs: [54]
Detected IDs: [44]
Detected IDs: [44]
Detected IDs: [44]
Detected IDs: [44]
Detected IDs: [64, 44]
Detected IDs: [44, 64]
Detected IDs: [44, 14]
Detected IDs: [14, 34]
Detected IDs: [44]
Detected IDs: [44]
Detected IDs: [14, 34]

============================================================
  ✓ ArUco MARKER 34 VERIFIED at viewpoint 10
============================================================
Viewpoint done
Go to 6 using rrts with 2 subgoals
Detected IDs: [24]
Detected IDs: [24]
Detected IDs: [24]
Detected IDs: [24]
Detected IDs: [24]
Detected IDs: [24]
Detected IDs: [24]
Detected IDs: [24]
Detected IDs: [24]
Detected IDs: [24, 74]

============================================================
  ✓ ArUco MARKER 74 VERIFIED at viewpoint 6
============================================================
Viewpoint done
Go to 2 using rrts with 2 subgoals
Detected IDs: [24, 74, 34]
Detected IDs: [14, 84, 34]
Detected IDs: [84, 64, 34]

============================================================
  ✓ ArUco MARKER 34 VERIFIED at viewpoint 2
============================================================
Viewpoint done
Go to 1 using rrts with 2 subgoals
Detected IDs: [84, 64, 34]
Detected IDs: [84, 34]
Detected IDs: [84, 44, 34]
Detected IDs: [24, 74]
Detected IDs: [24, 74]
Detected IDs: [24]
Detected IDs: [24]
Detected IDs: [24]
Detected IDs: [24]
Detected IDs: [24]
Detected IDs: [24, 24]
Detected IDs: [24, 24]
Detected IDs: [24]

============================================================
  ✓ ArUco MARKER 24 VERIFIED at viewpoint 1
============================================================
Viewpoint done
Go to 9 using rrts with 2 subgoals
Detected IDs: [24]
Detected IDs: [24]
Detected IDs: [24]
Detected IDs: [24]

============================================================
  ✓ ArUco MARKER 24 VERIFIED at viewpoint 9
============================================================
Viewpoint done
Go to 8 using rrts with 2 subgoals
Detected IDs: [24]
Detected IDs: [24]
Detected IDs: [24]
Detected IDs: [24]
Detected IDs: [14, 64]
Detected IDs: [64]
Detected IDs: [64, 14]
Detected IDs: [84, 44, 14, 64]
Detected IDs: [84, 14, 64]
Detected IDs: [84, 14, 64, 44]
Detected IDs: [84, 14, 64]
Detected IDs: [14, 84, 64]
Detected IDs: [84, 64]
Detected IDs: [84, 64]
Detected IDs: [84, 64]
Detected IDs: [84, 14, 64]

============================================================
  ✓ ArUco MARKER 14 VERIFIED at viewpoint 8
============================================================
Viewpoint done
Go to 5 using rrts with 2 subgoals
Detected IDs: [84, 14, 64]
Detected IDs: [14]
Detected IDs: [14]
Detected IDs: [64]
Detected IDs: [64]
Detected IDs: [64]
Detected IDs: [84, 64]
Detected IDs: [64]

============================================================
  ✓ ArUco MARKER 64 VERIFIED at viewpoint 5
============================================================
Viewpoint done
Go to 7 using rrts with 2 subgoals
Detected IDs: [64]
Detected IDs: [64]
Detected IDs: [64]
Detected IDs: [64]
Detected IDs: [84]
Detected IDs: [84]
Detected IDs: [84]
Detected IDs: [84]
Detected IDs: [84]
Detected IDs: [84]

============================================================
  ✓ ArUco MARKER 84 VERIFIED at viewpoint 7
============================================================
Viewpoint done
Go to 3 using rrts with 2 subgoals
Detected IDs: [84]
Detected IDs: [44]
Detected IDs: [44]

============================================================
  ✓ ArUco MARKER 44 VERIFIED at viewpoint 3
============================================================
Viewpoint done
---------------------------------
Tour of scenarios/scenario1.yaml took 86.32219648361206 seconds
---------------------------------
Returning to start pose: [0.0, 0.0, 1.0], yaw=0.0
Detected IDs: [44]
Detected IDs: [64]
Detected IDs: [84, 64]
Detected IDs: [84, 64]
Return-to-start verified: True
End mission
Land
Land success: True
Manual
Manual success: True
Disarm
Disarm success: False
[RunLogger] Saved run to: runs/20260818_020357__scenario1__rrts__drone0
[RunLogger] Summary: {
  "success": true,
  "duration_s": 110.69797420501709,
  "path_length_m": 93.65329407251566,
  "mean_speed_mps": 0.8823952899558756,
  "max_speed_mps": 5.504866150531907,
  "num_samples": 3943,
  "scenario_path": "scenarios/scenario1.yaml",
  "drone_namespace": "drone0",
  "planner": "rrts",
  "git_commit": "c8238b6"
}
Clean exit
