[INFO] [1787015790.894927640] [drone0.drone0_interface]: Starting drone0
[INFO] [1787015791.491607805] [drone0.drone0_interface]: drone0 interface initialized
[WARN] [1787015923.340846844] [drone0.drone0_interface]: set_arming_state returned failure (may be state/already armed)
Running mission for drone drone0
Reading scenario scenarios/scenario1.yaml
Start mission
Arm
Arm success: True
Offboard
Offboard success: True
Take Off
Take Off success: True
Run mission
Go to 1 using straight with 1 subgoals
Detected IDs: [84, 64]
Detected IDs: [24]
Detected IDs: [24]

============================================================
  ✓ ArUco MARKER 24 VERIFIED at viewpoint 1
============================================================
Viewpoint done
Go to 2 using straight with 1 subgoals
Detected IDs: [14]
Detected IDs: [14, 54, 34, 34]
Detected IDs: [84, 34, 34]
Detected IDs: [34, 34]
Detected IDs: [84, 34, 54, 74, 34]
Detected IDs: [84, 54]
Detected IDs: [54]
Detected IDs: [84, 64, 34]

============================================================
  ✓ ArUco MARKER 34 VERIFIED at viewpoint 2
============================================================
Viewpoint done
Go to 3 using straight with 1 subgoals
Detected IDs: [34]
Detected IDs: [64, 44, 34]
Detected IDs: [44, 34, 14]
Detected IDs: [14, 44, 34]
Detected IDs: [44, 14]
Detected IDs: [44, 14]
Detected IDs: [44, 14]
Detected IDs: [44, 14]
Detected IDs: [44]
Detected IDs: [44]
Detected IDs: [44]
Detected IDs: [44]
Detected IDs: [44]
Detected IDs: [44]
Detected IDs: [44]
Detected IDs: [44]

============================================================
  ✓ ArUco MARKER 44 VERIFIED at viewpoint 3
============================================================
Viewpoint done
Go to 4 using straight with 1 subgoals
Detected IDs: [44]
Detected IDs: [44]
Detected IDs: [44]
Detected IDs: [84, 64]
Detected IDs: [54]
Detected IDs: [54]

============================================================
  ✓ ArUco MARKER 54 VERIFIED at viewpoint 4
============================================================
Viewpoint done
Go to 5 using straight with 1 subgoals
Detected IDs: [54]
Detected IDs: [64]
Detected IDs: [84]
Detected IDs: [84]
Detected IDs: [84]
Detected IDs: [84, 64]

============================================================
  ✓ ArUco MARKER 64 VERIFIED at viewpoint 5
============================================================
Viewpoint done
Detected IDs: [84, 64]
Go to 6 using straight with 1 subgoals
Detected IDs: [84, 64]
Detected IDs: [64]
Detected IDs: [64]
Detected IDs: [44]
Detected IDs: [14, 44]
Detected IDs: [14]
Detected IDs: [24, 74]

============================================================
  ✓ ArUco MARKER 74 VERIFIED at viewpoint 6
============================================================
Viewpoint done
Go to 7 using straight with 1 subgoals
Detected IDs: [84]
Detected IDs: [84]
Detected IDs: [84, 64, 44, 14]
Detected IDs: [84, 44, 14]
Detected IDs: [84, 64]
Detected IDs: [84, 64]
Detected IDs: [84, 64]
Detected IDs: [84]
Detected IDs: [84]
Detected IDs: [84]

============================================================
  ✓ ArUco MARKER 84 VERIFIED at viewpoint 7
============================================================
Viewpoint done
Go to 8 using straight with 1 subgoals
Detected IDs: [84]
Detected IDs: [84]
Detected IDs: [84]
Detected IDs: [84]
Detected IDs: [84]
Detected IDs: [84]
Detected IDs: [84]
Detected IDs: [14, 84]
Detected IDs: [14, 84]

============================================================
  ✓ ArUco MARKER 14 VERIFIED at viewpoint 8
============================================================
Viewpoint done
Go to 9 using straight with 1 subgoals
Detected IDs: [14]
Detected IDs: [24]

============================================================
  ✓ ArUco MARKER 24 VERIFIED at viewpoint 9
============================================================
Viewpoint done
Go to 10 using straight with 1 subgoals
Detected IDs: [24]
Detected IDs: [14, 34]
Detected IDs: [44, 34, 14]
Detected IDs: [14]
Detected IDs: [44, 14]
Detected IDs: [44, 14]
  ✗ ArUco marker 34 NOT seen at viewpoint 10
Viewpoint done
---------------------------------
Tour of scenarios/scenario1.yaml took 110.56893396377563 seconds
---------------------------------
Returning to start pose: [0.0, 0.0, 1.0], yaw=0.0
Detected IDs: [44, 14, 34]
Detected IDs: [84, 64, 44, 14]
Detected IDs: [84, 44, 14]
Detected IDs: [84, 64]
Detected IDs: [84]
Return-to-start verified: True
End mission
Land
Land success: True
Manual
Manual success: True
Disarm
Disarm success: False
[RunLogger] Saved run to: runs/20260818_011629__scenario1__straight__drone0
[RunLogger] Summary: {
  "success": true,
  "duration_s": 134.2549045085907,
  "path_length_m": 153.95648447217283,
  "mean_speed_mps": 1.1967499392352257,
  "max_speed_mps": 6.266246717108757,
  "num_samples": 4766,
  "scenario_path": "scenarios/scenario1.yaml",
  "drone_namespace": "drone0",
  "planner": "straight",
  "git_commit": "c8238b6"
}
Clean exit
