[INFO] [1787017493.694197975] [drone0.drone0_interface]: Starting drone0
[INFO] [1787017494.292848823] [drone0.drone0_interface]: drone0 interface initialized
[WARN] [1787017633.829103744] [drone0.drone0_interface]: set_arming_state returned failure (may be state/already armed)
Running mission for drone drone0
Reading scenario scenarios/scenario1.yaml
Start mission
Arm
Arm success: True
Offboard
Offboard success: True
Take Off
Take Off success: True
Run mission
Go to 4 using straight with 1 subgoals
Detected IDs: [64]
Detected IDs: [84, 64]
Detected IDs: [84, 64]
Detected IDs: [84]
Detected IDs: [54]
Detected IDs: [54]

============================================================
  ✓ ArUco MARKER 54 VERIFIED at viewpoint 4
============================================================
Viewpoint done
Go to 10 using straight with 1 subgoals
Detected IDs: [44]
Detected IDs: [44]
Detected IDs: [44]
Detected IDs: [44, 14]
Detected IDs: [44, 14]
Detected IDs: [44, 14]
Detected IDs: [44, 14]
Detected IDs: [34, 14]
Detected IDs: [14, 34]
Detected IDs: [44, 14, 34]

============================================================
  ✓ ArUco MARKER 34 VERIFIED at viewpoint 10
============================================================
Viewpoint done
Go to 6 using straight with 1 subgoals
Detected IDs: [44, 34]
Detected IDs: [24]
Detected IDs: [24, 74]

============================================================
  ✓ ArUco MARKER 74 VERIFIED at viewpoint 6
============================================================
Viewpoint done
Go to 2 using straight with 1 subgoals
Detected IDs: [24, 74, 34]
Detected IDs: [44, 74, 34]
Detected IDs: [14, 64, 44, 34, 74]
Detected IDs: [44, 34]

============================================================
  ✓ ArUco MARKER 34 VERIFIED at viewpoint 2
============================================================
Viewpoint done
Go to 1 using straight with 1 subgoals
Detected IDs: [84, 34]
Detected IDs: [44, 34]
Detected IDs: [74, 34]
Detected IDs: [14, 74, 34]
Detected IDs: [24]
Detected IDs: [24]
Detected IDs: [24]
Detected IDs: [24]
Detected IDs: [24]
Detected IDs: [24]
Detected IDs: [24, 24]
Detected IDs: [24]

============================================================
  ✓ ArUco MARKER 24 VERIFIED at viewpoint 1
============================================================
Viewpoint done
Go to 9 using straight with 1 subgoals
Detected IDs: [24]
Detected IDs: [24]
Detected IDs: [24]

============================================================
  ✓ ArUco MARKER 24 VERIFIED at viewpoint 9
============================================================
Viewpoint done
Go to 8 using straight with 1 subgoals
Detected IDs: [14]
Detected IDs: [84, 14, 64]
Detected IDs: [84, 14, 64, 44]
Detected IDs: [14, 64, 44]
Detected IDs: [14, 64, 44]
Detected IDs: [84, 64]
Detected IDs: [84, 64]
Detected IDs: [84, 64]
  ✗ ArUco marker 14 NOT seen at viewpoint 8
Viewpoint done
Go to 5 using straight with 1 subgoals
Detected IDs: [84, 14]
Detected IDs: [14, 84]
Detected IDs: [64]
Detected IDs: [64]
Detected IDs: [84, 64]
Detected IDs: [84, 64]
Detected IDs: [84, 64]
Detected IDs: [64]
Detected IDs: [64]

============================================================
  ✓ ArUco MARKER 64 VERIFIED at viewpoint 5
============================================================
Viewpoint done
Go to 7 using straight with 1 subgoals
Detected IDs: [84]
Detected IDs: [84]

============================================================
  ✓ ArUco MARKER 84 VERIFIED at viewpoint 7
============================================================
Viewpoint done
Go to 3 using straight with 1 subgoals
Detected IDs: [84]
Detected IDs: [84]
Detected IDs: [44]
  ✗ ArUco marker 44 NOT seen at viewpoint 3
Viewpoint done
---------------------------------
Tour of scenarios/scenario1.yaml took 113.61938905715942 seconds
---------------------------------
Returning to start pose: [0.0, 0.0, 1.0], yaw=0.0
Detected IDs: [44]
Detected IDs: [44]
Detected IDs: [64]
Return-to-start verified: True
End mission
Land
Land success: True
Manual
Manual success: True
Disarm
Disarm success: False
[RunLogger] Saved run to: runs/20260818_014453__scenario1__straight__drone0
[RunLogger] Summary: {
  "success": true,
  "duration_s": 140.98555779457092,
  "path_length_m": 92.04479439854147,
  "mean_speed_mps": 0.6606660401744608,
  "max_speed_mps": 6.100084786496441,
  "num_samples": 4983,
  "scenario_path": "scenarios/scenario1.yaml",
  "drone_namespace": "drone0",
  "planner": "straight",
  "git_commit": "c8238b6"
}
Clean exit
