[INFO] [1787018454.666417382] [drone0.drone0_interface]: Starting drone0
[INFO] [1787018455.263456006] [drone0.drone0_interface]: drone0 interface initialized
[WARN] [1787018457.214323489] [drone0.drone0_interface]: FollowPathBehavior Not Available
[WARN] [1787018569.482615207] [drone0.drone0_interface]: set_arming_state returned failure (may be state/already armed)
Running mission for drone drone0
Reading scenario scenarios/scenario1.yaml
Start mission
Arm
Arm success: True
Offboard
Offboard success: True
Take Off
Take Off success: True
Run mission
Go to 4 using astar with 2 subgoals
Detected IDs: [84, 64]
Detected IDs: [64]
Detected IDs: [84, 44]
Detected IDs: [84, 44]
Detected IDs: [84]
Detected IDs: [54]
Detected IDs: [54]

============================================================
  ✓ ArUco MARKER 54 VERIFIED at viewpoint 4
============================================================
Viewpoint done
Go to 10 using astar with 2 subgoals
Detected IDs: [54]
Detected IDs: [44]
Detected IDs: [44]
Detected IDs: [44]
Detected IDs: [44]
Detected IDs: [44]
Detected IDs: [44]
Detected IDs: [44, 14]
Detected IDs: [14]
Detected IDs: [14, 34]

============================================================
  ✓ ArUco MARKER 34 VERIFIED at viewpoint 10
============================================================
Viewpoint done
Go to 6 using astar with 2 subgoals
Detected IDs: [44, 14, 34]
Detected IDs: [34]
Detected IDs: [24]
Detected IDs: [24]
Detected IDs: [24]
Detected IDs: [24]
Detected IDs: [24]
Detected IDs: [24]
Detected IDs: [24]
Detected IDs: [24]
Detected IDs: [24]
Detected IDs: [24]
Detected IDs: [24]
Detected IDs: [24]
Detected IDs: [24]
Detected IDs: [74]
Detected IDs: [24, 74]
Detected IDs: [24, 74]
Detected IDs: [24, 74]
Detected IDs: [24, 74]

============================================================
  ✓ ArUco MARKER 74 VERIFIED at viewpoint 6
============================================================
Viewpoint done
Go to 2 using astar with 2 subgoals
Detected IDs: [24, 74]
Detected IDs: [24, 74, 34]
Detected IDs: [74, 34]
Detected IDs: [34]
Detected IDs: [84, 64, 34]
Detected IDs: [84, 64, 34]

============================================================
  ✓ ArUco MARKER 34 VERIFIED at viewpoint 2
============================================================
Viewpoint done
Go to 1 using astar with 2 subgoals
Detected IDs: [84, 64, 34]
Detected IDs: [34]
Detected IDs: [14, 34]
Detected IDs: [14, 74, 34]
Detected IDs: [24, 74, 34]
Detected IDs: [24, 74]
Detected IDs: [24, 74]
Detected IDs: [24, 74]
Detected IDs: [24]
Detected IDs: [24]
Detected IDs: [24]
Detected IDs: [24]
Detected IDs: [24]
Detected IDs: [24]
Detected IDs: [24, 24]
Detected IDs: [24]

============================================================
  ✓ ArUco MARKER 24 VERIFIED at viewpoint 1
============================================================
Viewpoint done
Go to 9 using astar with 2 subgoals
Detected IDs: [24]
Detected IDs: [24]
Detected IDs: [24]
Detected IDs: [24]

============================================================
  ✓ ArUco MARKER 24 VERIFIED at viewpoint 9
============================================================
Viewpoint done
Go to 8 using astar with 2 subgoals
Detected IDs: [24]
Detected IDs: [14]
Detected IDs: [14, 64]
Detected IDs: [84, 14, 64]
Detected IDs: [84, 14, 64, 44]
Detected IDs: [14, 64, 44]
Detected IDs: [14, 64, 44]
Detected IDs: [14, 64, 44]
Detected IDs: [14, 64, 44]
Detected IDs: [84, 14, 64]
Detected IDs: [84, 64]
Detected IDs: [84, 64]
Detected IDs: [84, 64]
Detected IDs: [84, 64]
Detected IDs: [84, 64]
Detected IDs: [84, 64]
Detected IDs: [84, 64]
Detected IDs: [84, 14, 64]

============================================================
  ✓ ArUco MARKER 14 VERIFIED at viewpoint 8
============================================================
Viewpoint done
Go to 5 using astar with 2 subgoals
Detected IDs: [84, 14, 64]
Detected IDs: [14, 64]
Detected IDs: [14, 64]
Detected IDs: [14, 64]
Detected IDs: [64, 14]
Detected IDs: [14, 64]
Detected IDs: [84, 64]
Detected IDs: [64, 84]
Detected IDs: [64, 84]
Detected IDs: [64]

============================================================
  ✓ ArUco MARKER 64 VERIFIED at viewpoint 5
============================================================
Viewpoint done
Go to 7 using astar with 2 subgoals
Detected IDs: [84]
Detected IDs: [84]
Detected IDs: [84]
Detected IDs: [84]
Detected IDs: [84]
Detected IDs: [84]

============================================================
  ✓ ArUco MARKER 84 VERIFIED at viewpoint 7
============================================================
Viewpoint done
Go to 3 using astar with 2 subgoals
Detected IDs: [84]
Detected IDs: [84]
Detected IDs: [44]
Detected IDs: [44]
Detected IDs: [44]

============================================================
  ✓ ArUco MARKER 44 VERIFIED at viewpoint 3
============================================================
Viewpoint done
---------------------------------
Tour of scenarios/scenario1.yaml took 92.08827424049377 seconds
---------------------------------
Returning to start pose: [0.0, 0.0, 1.0], yaw=0.0
Detected IDs: [44]
Detected IDs: [64]
Return-to-start verified: True
End mission
Land
Land success: True
Manual
Manual success: True
Disarm
Disarm success: False
[RunLogger] Saved run to: runs/20260818_020054__scenario1__astar__drone0
[RunLogger] Summary: {
  "success": true,
  "duration_s": 115.47784566879272,
  "path_length_m": 95.7679031947691,
  "mean_speed_mps": 0.8667461426932359,
  "max_speed_mps": 5.629073824657713,
  "num_samples": 4119,
  "scenario_path": "scenarios/scenario1.yaml",
  "drone_namespace": "drone0",
  "planner": "astar",
  "git_commit": "c8238b6"
}
Clean exit
