[INFO] [1787020738.442197097] [drone0.drone0_interface]: Starting drone0
[INFO] [1787020739.007191393] [drone0.drone0_interface]: drone0 interface initialized
[WARN] [1787020917.713306528] [drone0.drone0_interface]: set_arming_state returned failure (may be state/already armed)
Running mission for drone drone0
Reading scenario scenarios/scenario2.yaml
Start mission
Arm
Arm success: True
Offboard
Offboard success: True
Take Off
Take Off success: True
Run mission
Go to 1 using rrts with 4 subgoals
Detected IDs: [24]
Detected IDs: [24]

============================================================
  ✓ ArUco MARKER 24 VERIFIED at viewpoint 1
============================================================
Viewpoint done
Go to 2 using rrts with 2 subgoals
Detected IDs: [24]
Detected IDs: [24]
Detected IDs: [54]
Detected IDs: [14, 34]
Detected IDs: [84, 64, 34, 34]
Detected IDs: [84, 54, 34]
Detected IDs: [84, 34]
Detected IDs: [54]
Detected IDs: [84, 64, 54]
Detected IDs: [84, 64, 54]
Detected IDs: [54]
Detected IDs: [54]
Detected IDs: [84, 64, 34]

============================================================
  ✓ ArUco MARKER 34 VERIFIED at viewpoint 2
============================================================
Viewpoint done
Go to 3 using rrts with 2 subgoals
Detected IDs: [84, 64, 34]
Detected IDs: [34]
Detected IDs: [84, 34]
Detected IDs: [34]
Detected IDs: [84, 34]
Detected IDs: [14, 84, 34, 34]
Detected IDs: [44, 34, 14]
Detected IDs: [44, 14]
Detected IDs: [44, 14]
Detected IDs: [44, 14]
Detected IDs: [44, 14]
Detected IDs: [44, 14]
Detected IDs: [44]
Detected IDs: [44]
Detected IDs: [44]
Detected IDs: [44]
Detected IDs: [44]
Detected IDs: [44]
Detected IDs: [44]

============================================================
  ✓ ArUco MARKER 44 VERIFIED at viewpoint 3
============================================================
Viewpoint done
Detected IDs: [44]
Detected IDs: [44]
Detected IDs: [44]
Detected IDs: [44]
Detected IDs: [44]
Detected IDs: [44]
Detected IDs: [44]
Detected IDs: [44]
Detected IDs: [44]
Go to 4 using rrts with 3 subgoals
Detected IDs: [44]
Detected IDs: [44]
Detected IDs: [64]
Detected IDs: [64]
Detected IDs: [54]
Detected IDs: [54]

============================================================
  ✓ ArUco MARKER 54 VERIFIED at viewpoint 4
============================================================
Viewpoint done
Detected IDs: [54]
Detected IDs: [54]
Detected IDs: [54]
Go to 5 using rrts with 3 subgoals
Detected IDs: [44, 54]
Detected IDs: [44, 54]
Detected IDs: [44]
Detected IDs: [44]
Detected IDs: [44, 64]
Detected IDs: [44, 64]
Detected IDs: [64]
Detected IDs: [64]
Detected IDs: [84]
Detected IDs: [84]
Detected IDs: [84]
Detected IDs: [64]
Detected IDs: [84]
Detected IDs: [84]
Detected IDs: [84]
Detected IDs: [84]
  ✗ ArUco marker 64 NOT seen at viewpoint 5
Viewpoint done
Go to 6 using rrts with 2 subgoals
Detected IDs: [64]
Detected IDs: [64]
Detected IDs: [84, 64]
Detected IDs: [84, 64]
Detected IDs: [44]
Detected IDs: [44]
Detected IDs: [44, 14]
Detected IDs: [44, 14]
Detected IDs: [44, 14]
Detected IDs: [24, 74]

============================================================
  ✓ ArUco MARKER 74 VERIFIED at viewpoint 6
============================================================
Viewpoint done
Go to 7 using rrts with 2 subgoals
Detected IDs: [24, 74]
Detected IDs: [34]
Detected IDs: [64]
Detected IDs: [84, 44]
Detected IDs: [84, 44]
Detected IDs: [84]
Detected IDs: [84, 64]
Detected IDs: [84, 64, 44, 14]
Detected IDs: [84, 64, 44, 14]
Detected IDs: [84, 44]
Detected IDs: [84, 44]
Detected IDs: [84]
Detected IDs: [84]

============================================================
  ✓ ArUco MARKER 84 VERIFIED at viewpoint 7
============================================================
Viewpoint done
Go to 8 using rrts with 2 subgoals
Detected IDs: [84]
Detected IDs: [84]
Detected IDs: [84]
Detected IDs: [14]

============================================================
  ✓ ArUco MARKER 14 VERIFIED at viewpoint 8
============================================================
Viewpoint done
Go to 9 using rrts with 2 subgoals
Detected IDs: [24]
Detected IDs: [24]
Detected IDs: [24]

============================================================
  ✓ ArUco MARKER 24 VERIFIED at viewpoint 9
============================================================
Viewpoint done
Detected IDs: [24]
Detected IDs: [24]
Detected IDs: [24]
Detected IDs: [24]
Detected IDs: [24]
Detected IDs: [24]
Detected IDs: [24]
Detected IDs: [24]
Detected IDs: [24]
Detected IDs: [24]
Detected IDs: [24]
Detected IDs: [24]
Detected IDs: [24]
Detected IDs: [24]
Go to 10 using rrts with 3 subgoals
Detected IDs: [14]
Detected IDs: [64, 14, 34]

============================================================
  ✓ ArUco MARKER 34 VERIFIED at viewpoint 10
============================================================
Viewpoint done
---------------------------------
Tour of scenarios/scenario2.yaml took 157.551194190979 seconds
---------------------------------
Returning to start pose: [0.0, 0.0, 1.0], yaw=0.0
Detected IDs: [64, 14, 34]
Detected IDs: [84, 64]
Return-to-start verified: True
End mission
Land
Land success: True
Manual
Manual success: True
Disarm
Disarm success: False
[RunLogger] Saved run to: runs/20260818_023858__scenario2__rrts__drone0
[RunLogger] Summary: {
  "success": true,
  "duration_s": 179.87315225601196,
  "path_length_m": 154.78852453728618,
  "mean_speed_mps": 0.897278836706053,
  "max_speed_mps": 6.474156459686489,
  "num_samples": 6497,
  "scenario_path": "scenarios/scenario2.yaml",
  "drone_namespace": "drone0",
  "planner": "rrts",
  "git_commit": "c8238b6"
}
Clean exit
