[INFO] [1787022537.504884089] [drone0.drone0_interface]: Starting drone0
[INFO] [1787022538.167053475] [drone0.drone0_interface]: drone0 interface initialized
[WARN] [1787022677.967712890] [drone0.drone0_interface]: set_arming_state returned failure (may be state/already armed)
Running mission for drone drone0
Reading scenario scenarios/scenario2.yaml
Start mission
Arm
Arm success: True
Offboard
Offboard success: True
Take Off
Take Off success: True
Run mission
Go to 4 using astar with 2 subgoals
Detected IDs: [54]

============================================================
  ✓ ArUco MARKER 54 VERIFIED at viewpoint 4
============================================================
Viewpoint done
Go to 10 using astar with 2 subgoals
Detected IDs: [54]
Detected IDs: [44]
Detected IDs: [44, 64]
Detected IDs: [44, 64]
Detected IDs: [44, 14]
Detected IDs: [44, 14]
Detected IDs: [44, 14]
Detected IDs: [44]
Detected IDs: [44]
Detected IDs: [44, 14, 34]

============================================================
  ✓ ArUco MARKER 34 VERIFIED at viewpoint 10
============================================================
Viewpoint done
Go to 6 using astar with 2 subgoals
Detected IDs: [24]
Detected IDs: [24]
Detected IDs: [24]
Detected IDs: [24, 74]

============================================================
  ✓ ArUco MARKER 74 VERIFIED at viewpoint 6
============================================================
Viewpoint done
Detected IDs: [24, 74]
Go to 2 using astar with 2 subgoals
Detected IDs: [14, 64]
Detected IDs: [34]
Detected IDs: [84, 34]
Detected IDs: [34]

============================================================
  ✓ ArUco MARKER 34 VERIFIED at viewpoint 2
============================================================
Viewpoint done
Go to 1 using astar with 2 subgoals
Detected IDs: [84, 34]
Detected IDs: [24, 74]
Detected IDs: [24, 24]
Detected IDs: [24, 24]
Detected IDs: [24]

============================================================
  ✓ ArUco MARKER 24 VERIFIED at viewpoint 1
============================================================
Viewpoint done
Go to 9 using astar with 2 subgoals
Detected IDs: [24]
Detected IDs: [24]
Detected IDs: [24]
Detected IDs: [24]
Detected IDs: [24]
Detected IDs: [24]
Detected IDs: [24]
  ✗ ArUco marker 24 NOT seen at viewpoint 9
Viewpoint done
Go to 8 using astar with 2 subgoals
Detected IDs: [24]
Detected IDs: [14]
Detected IDs: [64, 14]
Detected IDs: [44, 14, 64]
Detected IDs: [84, 14, 64, 44]
Detected IDs: [14, 64, 44]
Detected IDs: [14, 84, 64]
Detected IDs: [84, 64]
Detected IDs: [14, 84, 64]

============================================================
  ✓ ArUco MARKER 14 VERIFIED at viewpoint 8
============================================================
Viewpoint done
Go to 5 using astar with 2 subgoals
Detected IDs: [84, 14, 64]
Detected IDs: [14, 64]
Detected IDs: [64]
Detected IDs: [64]
Detected IDs: [64, 84]
Detected IDs: [64, 84]
Detected IDs: [64]

============================================================
  ✓ ArUco MARKER 64 VERIFIED at viewpoint 5
============================================================
Viewpoint done
Go to 7 using astar with 2 subgoals
Detected IDs: [64]
Detected IDs: [64]
Detected IDs: [84, 64]
Detected IDs: [84]
Detected IDs: [84]
Detected IDs: [84]
Detected IDs: [84]
Detected IDs: [84]

============================================================
  ✓ ArUco MARKER 84 VERIFIED at viewpoint 7
============================================================
Viewpoint done
Go to 3 using astar with 2 subgoals
Detected IDs: [44]
Detected IDs: [44]

============================================================
  ✓ ArUco MARKER 44 VERIFIED at viewpoint 3
============================================================
Viewpoint done
---------------------------------
Tour of scenarios/scenario2.yaml took 114.97124361991882 seconds
---------------------------------
Returning to start pose: [0.0, 0.0, 1.0], yaw=0.0
Detected IDs: [64]
Detected IDs: [84, 64]
Return-to-start verified: True
End mission
Land
Land success: True
Manual
Manual success: True
Disarm
Disarm success: False
[RunLogger] Saved run to: runs/20260818_030856__scenario2__astar__drone0
[RunLogger] Summary: {
  "success": true,
  "duration_s": 141.8443796634674,
  "path_length_m": 95.91914904953329,
  "mean_speed_mps": 0.6916742453394285,
  "max_speed_mps": 6.228577742216944,
  "num_samples": 5070,
  "scenario_path": "scenarios/scenario2.yaml",
  "drone_namespace": "drone0",
  "planner": "astar",
  "git_commit": "c8238b6"
}
Clean exit
