[INFO] [1787024790.275294927] [drone0.drone0_interface]: Starting drone0
[INFO] [1787024790.883568145] [drone0.drone0_interface]: drone0 interface initialized
Running mission for drone drone0
Reading scenario scenarios/scenario3.yaml
Start mission
Arm
Arm success: True
Offboard
Offboard success: True
Take Off
Detected IDs: [54]
Take Off success: True
Run mission
Go to 1 using astar with 2 subgoals
Detected IDs: [44]
Detected IDs: [24]

============================================================
  ✓ ArUco MARKER 24 VERIFIED at viewpoint 1
============================================================
Viewpoint done
Go to 2 using astar with 2 subgoals
Detected IDs: [44, 24]
Detected IDs: [44, 24]
Detected IDs: [34]

============================================================
  ✓ ArUco MARKER 34 VERIFIED at viewpoint 2
============================================================
Viewpoint done
Go to 3 using astar with 2 subgoals
Detected IDs: [34]
Detected IDs: [14, 84]
Detected IDs: [84, 14]
Detected IDs: [54, 14, 84]
Detected IDs: [54, 14]
Detected IDs: [44, 54]
Detected IDs: [44]

============================================================
  ✓ ArUco MARKER 44 VERIFIED at viewpoint 3
============================================================
Viewpoint done
Go to 4 using astar with 2 subgoals
Detected IDs: [84, 34, 84]
Detected IDs: [54, 34, 24, 84]
Detected IDs: [54, 34, 24, 84]
Detected IDs: [54, 84, 24]
Detected IDs: [24, 54, 84]
Detected IDs: [84, 54, 34, 24]
Detected IDs: [54, 34, 24]
Detected IDs: [54, 34, 24]
Detected IDs: [54, 34, 24]
Detected IDs: [54, 24]
Detected IDs: [54, 24]
Detected IDs: [54, 24]
Detected IDs: [54]

============================================================
  ✓ ArUco MARKER 54 VERIFIED at viewpoint 4
============================================================
Viewpoint done
Go to 5 using astar with 2 subgoals
Detected IDs: [54]
Detected IDs: [54]
Detected IDs: [74]
Detected IDs: [24]
Detected IDs: [44]
Detected IDs: [34, 44]
Detected IDs: [64, 64]

============================================================
  ✓ ArUco MARKER 64 VERIFIED at viewpoint 5
============================================================
Viewpoint done
Go to 6 using astar with 2 subgoals
Detected IDs: [14]
Detected IDs: [14]
Detected IDs: [44, 64, 34, 54]
Detected IDs: [34, 44, 34]
Detected IDs: [34, 44]
Detected IDs: [44, 24]
Detected IDs: [24]
Detected IDs: [24]
Detected IDs: [24]
Detected IDs: [24]
Detected IDs: [24]
Detected IDs: [24]
Detected IDs: [74]
Detected IDs: [74]

============================================================
  ✓ ArUco MARKER 74 VERIFIED at viewpoint 6
============================================================
Viewpoint done
Go to 7 using astar with 2 subgoals
Detected IDs: [74]
Detected IDs: [74]
Detected IDs: [74]
Detected IDs: [74]
Detected IDs: [74]
Detected IDs: [74]
Detected IDs: [84]

============================================================
  ✓ ArUco MARKER 84 VERIFIED at viewpoint 7
============================================================
Viewpoint done
Go to 8 using astar with 3 subgoals
Detected IDs: [84]
Detected IDs: [84]
Detected IDs: [84]
Detected IDs: [54, 24]
Detected IDs: [14]
Detected IDs: [14]
Detected IDs: [14]
Detected IDs: [14]
Detected IDs: [14]
Detected IDs: [14]
Detected IDs: [54, 14]
Detected IDs: [54, 14]
Detected IDs: [14]

============================================================
  ✓ ArUco MARKER 14 VERIFIED at viewpoint 8
============================================================
Viewpoint done
Go to 9 using astar with 2 subgoals
Detected IDs: [14]
Detected IDs: [44]
Detected IDs: [44]
Detected IDs: [44]
Detected IDs: [44]
Detected IDs: [14]
Detected IDs: [14]
Detected IDs: [14]
Detected IDs: [24]
Detected IDs: [54, 24]
Detected IDs: [24]
Detected IDs: [54, 24, 24]

============================================================
  ✓ ArUco MARKER 24 VERIFIED at viewpoint 9
============================================================
Viewpoint done
Go to 10 using astar with 2 subgoals
Detected IDs: [54, 24, 24]
Detected IDs: [44, 34]
Detected IDs: [44, 34]
Detected IDs: [44, 34]
Detected IDs: [44, 54]
Detected IDs: [44]
Detected IDs: [44]
Detected IDs: [34]
Detected IDs: [34]

============================================================
  ✓ ArUco MARKER 34 VERIFIED at viewpoint 10
============================================================
Viewpoint done
Go to 11 using astar with 2 subgoals
Detected IDs: [74, 54]
Detected IDs: [74]
Detected IDs: [74, 24]
Detected IDs: [74, 24]
Detected IDs: [24]
Detected IDs: [24]
  ✗ ArUco marker 44 NOT seen at viewpoint 11
Viewpoint done
Go to 12 using astar with 2 subgoals
Detected IDs: [74, 24, 34]
Detected IDs: [34, 44]
Detected IDs: [34, 44, 54]
Detected IDs: [34, 44, 54]

============================================================
  ✓ ArUco MARKER 54 VERIFIED at viewpoint 12
============================================================
Viewpoint done
Go to 13 using astar with 2 subgoals
Detected IDs: [34, 44, 54]
Detected IDs: [34, 54]
Detected IDs: [54]
Detected IDs: [34, 44, 64]
Detected IDs: [34, 44, 64]
Detected IDs: [34, 44]
Detected IDs: [34, 44, 64]
Detected IDs: [34, 64]
Detected IDs: [34, 44, 64]
Detected IDs: [34, 24]
Detected IDs: [34]
Detected IDs: [34]
Detected IDs: [34, 44]
Detected IDs: [34]
Detected IDs: [34]
Detected IDs: [34]
Detected IDs: [64]
Detected IDs: [44, 34]
Detected IDs: [44, 34]
Detected IDs: [44]
  ✗ ArUco marker 64 NOT seen at viewpoint 13
Viewpoint done
Go to 14 using astar with 2 subgoals
Detected IDs: [44, 34]
Detected IDs: [44, 54, 34]
Detected IDs: [44, 54, 34]
Detected IDs: [44, 54, 34]
Detected IDs: [44, 34]
Detected IDs: [34]
Detected IDs: [34]
  ✗ ArUco marker 74 NOT seen at viewpoint 14
Viewpoint done
Go to 15 using astar with 2 subgoals
Detected IDs: [34, 84, 14]
Detected IDs: [34, 84, 14]
Detected IDs: [34, 24, 84, 14]
Detected IDs: [24, 34, 84, 14]
Detected IDs: [24, 34, 84]
Detected IDs: [84, 34, 24]
Detected IDs: [84]
Detected IDs: [84]
Detected IDs: [84, 34]

============================================================
  ✓ ArUco MARKER 84 VERIFIED at viewpoint 15
============================================================
Viewpoint done
Go to 16 using astar with 2 subgoals
Detected IDs: [84]
Detected IDs: [34, 84]
Detected IDs: [54, 14]
Detected IDs: [14, 54]

============================================================
  ✓ ArUco MARKER 14 VERIFIED at viewpoint 16
============================================================
Viewpoint done
Go to 17 using astar with 2 subgoals
Detected IDs: [14, 54]
Detected IDs: [54, 14]
Detected IDs: [14, 54]
Detected IDs: [24, 14, 54]
Detected IDs: [24, 54, 34, 84]
Detected IDs: [24, 54, 34, 84]
Detected IDs: [24, 54, 34, 84]
Detected IDs: [24, 54, 34, 84]
Detected IDs: [24, 54, 34, 84]
Detected IDs: [24, 54, 34]
Detected IDs: [54, 34, 24]
Detected IDs: [54, 34, 24]
Detected IDs: [24]
Detected IDs: [24]
Detected IDs: [24]
Detected IDs: [24]
Detected IDs: [24]
Detected IDs: [24]
Detected IDs: [24]

============================================================
  ✓ ArUco MARKER 24 VERIFIED at viewpoint 17
============================================================
Viewpoint done
Go to 18 using astar with 2 subgoals
Detected IDs: [24]
Detected IDs: [24]
Detected IDs: [34, 24]
Detected IDs: [34, 24]

============================================================
  ✓ ArUco MARKER 34 VERIFIED at viewpoint 18
============================================================
Viewpoint done
Go to 19 using astar with 2 subgoals
Detected IDs: [24]
Detected IDs: [44]
Detected IDs: [44]
Detected IDs: [44]
Detected IDs: [44]
Detected IDs: [44]
Detected IDs: [44]

============================================================
  ✓ ArUco MARKER 44 VERIFIED at viewpoint 19
============================================================
Viewpoint done
Go to 20 using astar with 2 subgoals
Detected IDs: [44]
Detected IDs: [44]
Detected IDs: [44]
Detected IDs: [54]
Detected IDs: [54]
Detected IDs: [54]
Detected IDs: [54]
Detected IDs: [54]

============================================================
  ✓ ArUco MARKER 54 VERIFIED at viewpoint 20
============================================================
Viewpoint done
---------------------------------
[WARN] [1787025066.410342629] [drone0.drone0_interface]: set_arming_state returned failure (may be state/already armed)
Tour of scenarios/scenario3.yaml took 251.17802000045776 seconds
---------------------------------
Returning to start pose: [0.0, 0.0, 1.0], yaw=0.0
Detected IDs: [54]
Detected IDs: [54]
Detected IDs: [54]
Detected IDs: [34]
Detected IDs: [54, 34, 84]
Detected IDs: [54, 24, 34]
Detected IDs: [54, 24]
Detected IDs: [54, 24]
Detected IDs: [54, 24]
Return-to-start verified: True
End mission
Land
Detected IDs: [54]
Detected IDs: [54]
Detected IDs: [54]
Detected IDs: [54]
Land success: True
Manual
Manual success: True
Disarm
Disarm success: False
[RunLogger] Saved run to: runs/20260818_034629__scenario3__astar__drone0
[RunLogger] Summary: {
  "success": true,
  "duration_s": 276.98770666122437,
  "path_length_m": 225.81972561503167,
  "mean_speed_mps": 0.8202960617327681,
  "max_speed_mps": 6.728847635283903,
  "num_samples": 9937,
  "scenario_path": "scenarios/scenario3.yaml",
  "drone_namespace": "drone0",
  "planner": "astar",
  "git_commit": "c8238b6"
}
Clean exit
