[INFO] [1787023711.177752623] [drone0.drone0_interface]: Starting drone0
[INFO] [1787023711.802786236] [drone0.drone0_interface]: drone0 interface initialized
[WARN] [1787023713.191621868] [drone0.drone0_interface]: set_arming_state not immediately available (DDS discovery may be pending)
[WARN] [1787023723.231439039] [drone0.drone0_interface]: set_arming_state call timed out after 10s (DDS discovery may be slow)
[WARN] [1787023723.788714167] [drone0.drone0_interface]: Goal Rejected
[WARN] [1787023724.686807193] [drone0.drone0_interface]: set_offboard_mode returned failure (may be state/already armed)
[WARN] [1787023725.327398463] [drone0.drone0_interface]: set_arming_state returned failure (may be state/already armed)
Running mission for drone drone0
Reading scenario scenarios/scenario3.yaml
Start mission
Arm
Arm success: False
End mission
Land
Land success: False
Manual
Manual success: False
Disarm
Disarm success: False
[RunLogger] Saved run to: runs/20260818_032830__scenario3__straight__drone0
[RunLogger] Summary: {
  "success": false,
  "duration_s": 14.877035856246948,
  "path_length_m": 0.0,
  "mean_speed_mps": 0.0,
  "max_speed_mps": 0.0,
  "num_samples": 399,
  "scenario_path": "scenarios/scenario3.yaml",
  "drone_namespace": "drone0",
  "planner": "straight",
  "git_commit": "c8238b6"
}
Exit with failure (reason: normal)
