[INFO] [1787033362.566168254] [drone0.drone0_interface]: Starting drone0
[INFO] [1787033363.150585983] [drone0.drone0_interface]: drone0 interface initialized
Running mission for drone drone0
Reading scenario scenarios/scenario3.yaml
Start mission
Arm
Arm success: True
Offboard
Offboard success: True
Take Off
Detected IDs: [54]
Detected IDs: [54]
Detected IDs: [54]
Take Off success: True
Detected IDs: [54]
Run mission
Go to 7 using rrts with 2 subgoals
Detected IDs: [54]
Detected IDs: [54, 34, 24]
Detected IDs: [34]
Detected IDs: [84, 34]
Detected IDs: [84, 34]
Detected IDs: [84, 34]
Detected IDs: [84, 34]

============================================================
  ✓ ArUco MARKER 84 VERIFIED at viewpoint 7
============================================================
Viewpoint done
Go to 10 using rrts with 2 subgoals
Detected IDs: [84, 34]
Detected IDs: [84, 34]
Detected IDs: [54, 34, 24]
Detected IDs: [54, 34, 24]
Detected IDs: [54, 34, 24]
Detected IDs: [54, 34, 24]
Detected IDs: [54, 34, 24]
Detected IDs: [44]
Detected IDs: [44]
Detected IDs: [84, 34]
Detected IDs: [34]

============================================================
  ✓ ArUco MARKER 34 VERIFIED at viewpoint 10
============================================================
Viewpoint done
Go to 4 using rrts with 2 subgoals
Detected IDs: [34]
Detected IDs: [54, 24]
Detected IDs: [54, 24]
Detected IDs: [54, 24]
Detected IDs: [54, 24]
Detected IDs: [54, 24]
Detected IDs: [54, 24]
Detected IDs: [54, 24]
Detected IDs: [54, 24]

============================================================
  ✓ ArUco MARKER 54 VERIFIED at viewpoint 4
============================================================
Viewpoint done
Go to 17 using rrts with 2 subgoals
Detected IDs: [24]

============================================================
  ✓ ArUco MARKER 24 VERIFIED at viewpoint 17
============================================================
Viewpoint done
Go to 6 using rrts with 2 subgoals
Detected IDs: [74]
Detected IDs: [74]
Detected IDs: [74]
Detected IDs: [74]

============================================================
  ✓ ArUco MARKER 74 VERIFIED at viewpoint 6
============================================================
Viewpoint done
Go to 18 using rrts with 2 subgoals
Detected IDs: [24]
Detected IDs: [34]
Detected IDs: [34, 24]
Detected IDs: [34, 24]
Detected IDs: [24]
Detected IDs: [24]
Detected IDs: [34, 24]

============================================================
  ✓ ArUco MARKER 34 VERIFIED at viewpoint 18
============================================================
Viewpoint done
Go to 1 using rrts with 2 subgoals
Detected IDs: [34]
Detected IDs: [74]
Detected IDs: [24]
Detected IDs: [24]
Detected IDs: [24]
Detected IDs: [24]
Detected IDs: [24]
Detected IDs: [74, 24]

============================================================
  ✓ ArUco MARKER 24 VERIFIED at viewpoint 1
============================================================
Viewpoint done
Detected IDs: [74, 24]
Go to 15 using rrts with 2 subgoals
Detected IDs: [24]
Detected IDs: [74, 24]
Detected IDs: [84]

============================================================
  ✓ ArUco MARKER 84 VERIFIED at viewpoint 15
============================================================
Viewpoint done
Go to 16 using rrts with 2 subgoals
Detected IDs: [84]
Detected IDs: [24, 54, 34, 84]
Detected IDs: [24, 84, 54, 34]
Detected IDs: [24, 84, 54, 34]
Detected IDs: [54, 14]

============================================================
  ✓ ArUco MARKER 14 VERIFIED at viewpoint 16
============================================================
Viewpoint done
Go to 19 using rrts with 2 subgoals
Detected IDs: [14, 54]
Detected IDs: [14]
Detected IDs: [54]
Detected IDs: [54]
Detected IDs: [54]
Detected IDs: [54]
Detected IDs: [44]
Detected IDs: [44]
Detected IDs: [44]

============================================================
  ✓ ArUco MARKER 44 VERIFIED at viewpoint 19
============================================================
Viewpoint done
Go to 20 using rrts with 2 subgoals
Detected IDs: [44]
Detected IDs: [44]
Detected IDs: [44]
Detected IDs: [44]
Detected IDs: [44]
Detected IDs: [44]
Detected IDs: [44]
Detected IDs: [54]
Detected IDs: [54]
Detected IDs: [54]
Detected IDs: [54]

============================================================
  ✓ ArUco MARKER 54 VERIFIED at viewpoint 20
============================================================
Viewpoint done
Go to 3 using rrts with 2 subgoals
Detected IDs: [54]
Detected IDs: [44]

============================================================
  ✓ ArUco MARKER 44 VERIFIED at viewpoint 3
============================================================
Viewpoint done
Go to 14 using rrts with 2 subgoals
Detected IDs: [74]
Detected IDs: [74]

============================================================
  ✓ ArUco MARKER 74 VERIFIED at viewpoint 14
============================================================
Viewpoint done
Go to 2 using rrts with 2 subgoals
Detected IDs: [74]
Detected IDs: [74]
Detected IDs: [74, 34]
Detected IDs: [74, 34]
Detected IDs: [34]
Detected IDs: [34]

============================================================
  ✓ ArUco MARKER 34 VERIFIED at viewpoint 2
============================================================
Viewpoint done
Go to 9 using rrts with 2 subgoals
Detected IDs: [34]
Detected IDs: [74, 14]
Detected IDs: [54, 34, 84, 24, 84, 14]
Detected IDs: [84, 24, 84]
Detected IDs: [54, 24, 84, 84]
Detected IDs: [34, 24, 84, 84]
Detected IDs: [54, 84, 84]
Detected IDs: [54, 34, 84, 24]
Detected IDs: [54, 34, 24]
Detected IDs: [54, 24, 24]
Detected IDs: [24, 24, 54]
Detected IDs: [54, 24]
Detected IDs: [24]

============================================================
  ✓ ArUco MARKER 24 VERIFIED at viewpoint 9
============================================================
Viewpoint done
Go to 13 using rrts with 2 subgoals
Detected IDs: [24, 24, 54]
Detected IDs: [24, 24]
Detected IDs: [24, 54]
Detected IDs: [54, 24, 84, 84]
Detected IDs: [24, 84, 54, 84]
Detected IDs: [24, 84, 54, 84]
Detected IDs: [74, 54, 44]
Detected IDs: [44, 74, 44, 54]
Detected IDs: [44, 74, 54]
Detected IDs: [44, 74, 34, 84, 54]
Detected IDs: [44, 34, 84]
Detected IDs: [44, 74, 34]
Detected IDs: [44, 74, 64]
Detected IDs: [64, 34]

============================================================
  ✓ ArUco MARKER 64 VERIFIED at viewpoint 13
============================================================
Viewpoint done
Go to 8 using rrts with 2 subgoals
Detected IDs: [34, 54]
Detected IDs: [54]
Detected IDs: [54, 14]
Detected IDs: [14, 54]
Detected IDs: [54, 14]
Detected IDs: [54, 14]
Detected IDs: [54, 14]
Detected IDs: [54, 14]
Detected IDs: [14]

============================================================
  ✓ ArUco MARKER 14 VERIFIED at viewpoint 8
============================================================
Viewpoint done
Go to 5 using rrts with 2 subgoals
Detected IDs: [14]
Detected IDs: [14]
Detected IDs: [54, 14]
Detected IDs: [34, 54]
Detected IDs: [44, 34]
Detected IDs: [64]

============================================================
  ✓ ArUco MARKER 64 VERIFIED at viewpoint 5
============================================================
Viewpoint done
Go to 11 using rrts with 2 subgoals
Detected IDs: [64]
Detected IDs: [64, 14]
Detected IDs: [34, 54]
Detected IDs: [34, 54]
Detected IDs: [34, 54]
Detected IDs: [34, 54]
Detected IDs: [34, 54]
Detected IDs: [34]
Detected IDs: [34, 24]
Detected IDs: [34]
Detected IDs: [44]
Detected IDs: [44]
Detected IDs: [74, 44]
Detected IDs: [44]

============================================================
  ✓ ArUco MARKER 44 VERIFIED at viewpoint 11
============================================================
Viewpoint done
Go to 12 using rrts with 2 subgoals
Detected IDs: [44]
Detected IDs: [74, 44]
Detected IDs: [34, 44, 74, 44]
Detected IDs: [34, 44]
Detected IDs: [34, 44, 44]
Detected IDs: [34, 44]
Detected IDs: [34, 24]
Detected IDs: [34, 44, 24]
Detected IDs: [34, 44, 54]
Detected IDs: [34, 54]

============================================================
  ✓ ArUco MARKER 54 VERIFIED at viewpoint 12
============================================================
Viewpoint done
---------------------------------
Tour of scenarios/scenario3.yaml took 152.53658890724182 seconds
[WARN] [1787033540.658772323] [drone0.drone0_interface]: set_arming_state returned failure (may be state/already armed)
---------------------------------
Returning to start pose: [0.0, 0.0, 1.0], yaw=0.0
Detected IDs: [54, 44]
Detected IDs: [54, 44]
Return-to-start verified: True
Detected IDs: [54]
Detected IDs: [54]
End mission
Land
Land success: True
Manual
Manual success: True
Disarm
Disarm success: False
[RunLogger] Saved run to: runs/20260818_060920__scenario3__rrts__drone0
[RunLogger] Summary: {
  "success": true,
  "duration_s": 180.09422373771667,
  "path_length_m": 118.1257985871134,
  "mean_speed_mps": 0.6693308653628592,
  "max_speed_mps": 6.708293559057456,
  "num_samples": 6387,
  "scenario_path": "scenarios/scenario3.yaml",
  "drone_namespace": "drone0",
  "planner": "rrts",
  "git_commit": "c8238b6"
}
Clean exit
