[INFO] [1787036072.411080223] [drone0.drone0_interface]: Starting drone0
[INFO] [1787036073.017675109] [drone0.drone0_interface]: drone0 interface initialized
[WARN] [1787036074.077800533] [drone0.drone0_interface]: TakeoffBehavior Not Available
[WARN] [1787036165.357651045] [drone0.drone0_interface]: set_arming_state returned failure (may be state/already armed)
Running mission for drone drone0
Reading scenario scenarios/scenario4.yaml
Start mission
Arm
Arm success: True
Offboard
Detected IDs: [64]
Detected IDs: [64]
Offboard success: True
Take Off
Detected IDs: [64]
Detected IDs: [64]
Detected IDs: [64]
Take Off success: True
Detected IDs: [64]
Run mission
Go to 2 using straight with 1 subgoals
Detected IDs: [34]
Detected IDs: [34]
Detected IDs: [34]
Detected IDs: [34]
Detected IDs: [34]

============================================================
  ✓ ArUco MARKER 34 VERIFIED at viewpoint 2
============================================================
Viewpoint done
Go to 1 using straight with 1 subgoals
Viewpoint 1 failed (action timeout/sim quirk), continuing to next
Go to 3 using straight with 1 subgoals
Detected IDs: [44]

============================================================
  ✓ ArUco MARKER 44 VERIFIED at viewpoint 3
============================================================
Viewpoint done
Go to 4 using straight with 1 subgoals
Detected IDs: [34]
Detected IDs: [34]
Detected IDs: [34]
Detected IDs: [54]

============================================================
  ✓ ArUco MARKER 54 VERIFIED at viewpoint 4
============================================================
Viewpoint done
Detected IDs: [54]
Go to 5 using straight with 1 subgoals
Detected IDs: [54]
Detected IDs: [64]
Detected IDs: [64]

============================================================
  ✓ ArUco MARKER 64 VERIFIED at viewpoint 5
============================================================
Viewpoint done
---------------------------------
Tour of scenarios/scenario4.yaml took 70.52816843986511 seconds
---------------------------------
Returning to start pose: [0.0, 0.0, 1.0], yaw=0.0
Detected IDs: [64]
Detected IDs: [64]
Detected IDs: [64]
Detected IDs: [64]
Detected IDs: [64]
Detected IDs: [64]
Detected IDs: [64]
Return-to-start verified: True
Detected IDs: [64]
Detected IDs: [64]
End mission
Land
Detected IDs: [64]
Detected IDs: [64]
Detected IDs: [64]
Detected IDs: [64]
Detected IDs: [64]
Detected IDs: [64]
Land success: True
Manual
Detected IDs: [64]
Detected IDs: [64]
Manual success: True
Disarm
Detected IDs: [64]
Disarm success: False
[RunLogger] Saved run to: runs/20260818_065432__scenario4__straight__drone0
[RunLogger] Summary: {
  "success": false,
  "duration_s": 93.62478280067444,
  "path_length_m": 74.65390617786979,
  "mean_speed_mps": 0.8470676113781954,
  "max_speed_mps": 5.833522522302538,
  "num_samples": 3337,
  "scenario_path": "scenarios/scenario4.yaml",
  "drone_namespace": "drone0",
  "planner": "straight",
  "git_commit": "c8238b6"
}
Exit with failure (reason: normal)
