[INFO] [1787034094.179909266] [drone0.drone0_interface]: Starting drone0
[INFO] [1787034094.786403263] [drone0.drone0_interface]: drone0 interface initialized
[WARN] [1787034096.105969717] [drone0.drone0_interface]: set_arming_state not immediately available (DDS discovery may be pending)
[WARN] [1787034106.131691979] [drone0.drone0_interface]: set_arming_state call timed out after 10s (DDS discovery may be slow)
[WARN] [1787034106.658806302] [drone0.drone0_interface]: Goal Rejected
[WARN] [1787034107.581427089] [drone0.drone0_interface]: set_offboard_mode returned failure (may be state/already armed)
[WARN] [1787034108.168197692] [drone0.drone0_interface]: set_arming_state returned failure (may be state/already armed)
Running mission for drone drone0
Reading scenario scenarios/scenario4.yaml
Start mission
Arm
Detected IDs: [64]
Detected IDs: [64]
Detected IDs: [64]
Detected IDs: [64]
Detected IDs: [64]
Detected IDs: [64]
Detected IDs: [64]
Detected IDs: [64]
Detected IDs: [64]
Detected IDs: [64]
Detected IDs: [64]
Detected IDs: [64]
Detected IDs: [64]
Detected IDs: [64]
Detected IDs: [64]
Arm success: False
End mission
Land
Detected IDs: [64]
Land success: False
Manual
Detected IDs: [64]
Manual success: False
Disarm
Detected IDs: [64]
Detected IDs: [64]
Detected IDs: [64]
Disarm success: False
[RunLogger] Saved run to: runs/20260818_062133__scenario4__straight__drone0
[RunLogger] Summary: {
  "success": false,
  "duration_s": 14.546646356582642,
  "path_length_m": 0.0,
  "mean_speed_mps": 0.0,
  "max_speed_mps": 0.0,
  "num_samples": 477,
  "scenario_path": "scenarios/scenario4.yaml",
  "drone_namespace": "drone0",
  "planner": "straight",
  "git_commit": "c8238b6"
}
Exit with failure (reason: normal)
