[INFO] [1787037151.437459249] [drone0.drone0_interface]: Starting drone0
[INFO] [1787037152.064447203] [drone0.drone0_interface]: drone0 interface initialized
[WARN] [1787037244.220048216] [drone0.drone0_interface]: set_arming_state returned failure (may be state/already armed)
Running mission for drone drone0
Reading scenario scenarios/scenario4.yaml
Start mission
Arm
Detected IDs: [64]
Arm success: True
Offboard
Detected IDs: [64]
Offboard success: True
Take Off
Detected IDs: [64]
Detected IDs: [64]
Detected IDs: [64]
Detected IDs: [64]
Detected IDs: [64]
Take Off success: True
Detected IDs: [64]
Run mission
Go to 2 using rrts with 2 subgoals
Detected IDs: [64]
Detected IDs: [64]
Detected IDs: [34]
Detected IDs: [34]

============================================================
  ✓ ArUco MARKER 34 VERIFIED at viewpoint 2
============================================================
Viewpoint done
Detected IDs: [34]
Detected IDs: [34]
Detected IDs: [34]
Detected IDs: [34]
Go to 1 using rrts with 4 subgoals
Detected IDs: [24]
Detected IDs: [24]
Detected IDs: [24]
Detected IDs: [24]
Detected IDs: [24]

============================================================
  ✓ ArUco MARKER 24 VERIFIED at viewpoint 1
============================================================
Viewpoint done
Detected IDs: [24]
Detected IDs: [24]
Detected IDs: [24]
Detected IDs: [24]
Detected IDs: [24]
Detected IDs: [24]
Detected IDs: [24]
Detected IDs: [24]
Go to 3 using rrts with 3 subgoals
Detected IDs: [24]
Detected IDs: [24]
Detected IDs: [44]

============================================================
  ✓ ArUco MARKER 44 VERIFIED at viewpoint 3
============================================================
Viewpoint done
Go to 4 using rrts with 2 subgoals
Detected IDs: [44]
Detected IDs: [44]
Detected IDs: [34]
Detected IDs: [34]
Detected IDs: [34]
Detected IDs: [34]
Detected IDs: [34]
Detected IDs: [34]
Detected IDs: [34]
Detected IDs: [54]

============================================================
  ✓ ArUco MARKER 54 VERIFIED at viewpoint 4
============================================================
Viewpoint done
Go to 5 using rrts with 2 subgoals
Detected IDs: [64]
Detected IDs: [64]

============================================================
  ✓ ArUco MARKER 64 VERIFIED at viewpoint 5
============================================================
Viewpoint done
---------------------------------
Tour of scenarios/scenario4.yaml took 71.32800388336182 seconds
---------------------------------
Returning to start pose: [0.0, 0.0, 1.0], yaw=0.0
Detected IDs: [64]
Detected IDs: [64]
Detected IDs: [64]
Detected IDs: [64]
Detected IDs: [64]
Detected IDs: [64]
Return-to-start verified: True
Detected IDs: [64]
End mission
Land
Detected IDs: [64]
Detected IDs: [64]
Detected IDs: [64]
Detected IDs: [64]
Detected IDs: [64]
Detected IDs: [64]
Detected IDs: [64]
Detected IDs: [64]
Detected IDs: [64]
Detected IDs: [64]
Land success: True
Manual
Detected IDs: [64]
Manual success: True
Disarm
Disarm success: False
[RunLogger] Saved run to: runs/20260818_071229__scenario4__rrts__drone0
[RunLogger] Summary: {
  "success": true,
  "duration_s": 94.71061301231384,
  "path_length_m": 71.1862372315281,
  "mean_speed_mps": 0.7935005000085191,
  "max_speed_mps": 6.09106289318876,
  "num_samples": 3315,
  "scenario_path": "scenarios/scenario4.yaml",
  "drone_namespace": "drone0",
  "planner": "rrts",
  "git_commit": "c8238b6"
}
Clean exit
