Start mission
Arm
Arm success: True
Offboard
Offboard success: True
Take Off
Take Off success: True
Run mission
Go to 4 using astar with 2 subgoals
  ✗ ArUco marker 54 NOT seen at viewpoint 4
Viewpoint done
Go to 10 using astar with 2 subgoals
  ✗ ArUco marker 34 NOT seen at viewpoint 10
Viewpoint done
Go to 6 using astar with 2 subgoals
  ✗ ArUco marker 74 NOT seen at viewpoint 6
Viewpoint done
Go to 2 using astar with 2 subgoals
  ✗ ArUco marker 34 NOT seen at viewpoint 2
Viewpoint done
Go to 1 using astar with 2 subgoals
  ✗ ArUco marker 24 NOT seen at viewpoint 1
Viewpoint done
Go to 9 using astar with 2 subgoals
  ✗ ArUco marker 24 NOT seen at viewpoint 9
Viewpoint done
Go to 8 using astar with 2 subgoals
  ✗ ArUco marker 14 NOT seen at viewpoint 8
Viewpoint done
Go to 5 using astar with 2 subgoals
  ✗ ArUco marker 64 NOT seen at viewpoint 5
Viewpoint done
Go to 7 using astar with 2 subgoals
  ✗ ArUco marker 84 NOT seen at viewpoint 7
Viewpoint done
Go to 3 using astar with 2 subgoals
  ✗ ArUco marker 44 NOT seen at viewpoint 3
Viewpoint done
---------------------------------
Tour of scenarios/scenario1.yaml took 119.95477747917175 seconds
---------------------------------
Returning to start pose: [0.0, 0.0, 1.0], yaw=0.0
Return-to-start verified: True
End mission
Land
Land success: True
Manual
Manual success: True
Disarm
Disarm success: False
