Start mission
Arm
Detected IDs: [64]
Arm success: True
Offboard
Detected IDs: [64]
Offboard success: True
Take Off
Take Off success: True
Run mission
Go to 2 using astar with 2 subgoals
Detected IDs: [64]
Detected IDs: [34]
Detected IDs: [34]

============================================================
  ✓ ArUco MARKER 34 VERIFIED at viewpoint 2
============================================================
Viewpoint done
Go to 1 using astar with 6 subgoals
Detected IDs: [34]
Detected IDs: [24]

============================================================
  ✓ ArUco MARKER 24 VERIFIED at viewpoint 1
============================================================
Viewpoint done
Go to 3 using astar with 3 subgoals
  ✗ ArUco marker 44 NOT seen at viewpoint 3
Viewpoint done
Go to 4 using astar with 3 subgoals
Detected IDs: [34]
Detected IDs: [34]
Detected IDs: [34]
  ✗ ArUco marker 54 NOT seen at viewpoint 4
Viewpoint done
Detected IDs: [54]
Go to 5 using astar with 2 subgoals
Detected IDs: [64]

============================================================
  ✓ ArUco MARKER 64 VERIFIED at viewpoint 5
============================================================
Viewpoint done
---------------------------------
Tour of scenarios/scenario4.yaml took 141.88409423828125 seconds
---------------------------------
Returning to start pose: [0.0, 0.0, 1.0], yaw=0.0
Detected IDs: [64]
Detected IDs: [64]
Detected IDs: [64]
Detected IDs: [64]
Detected IDs: [64]
Detected IDs: [64]
Return-to-start verified: True
End mission
Land
Detected IDs: [64]
Land success: True
Manual
Manual success: True
Disarm
Disarm success: False
