Start mission
Arm
Arm success: True
Offboard
Offboard success: True
Take Off
Detected IDs: [54]
Detected IDs: [54]
Detected IDs: [54]
Take Off success: True
Run mission
Go to 1 using straight with 1 subgoals
Detected IDs: [54, 24]
Detected IDs: [74]
Detected IDs: [24]

============================================================
  ✓ ArUco MARKER 24 VERIFIED at viewpoint 1
============================================================
Viewpoint done
Go to 2 using straight with 1 subgoals
Detected IDs: [24]
Detected IDs: [24]
Detected IDs: [14]
Detected IDs: [74]
Detected IDs: [74]
  ✗ ArUco marker 34 NOT seen at viewpoint 2
Viewpoint done
Go to 3 using straight with 1 subgoals
Detected IDs: [54, 74]
Detected IDs: [44, 54]
Detected IDs: [44]

============================================================
  ✓ ArUco MARKER 44 VERIFIED at viewpoint 3
============================================================
Viewpoint done
Go to 4 using straight with 1 subgoals
Detected IDs: [24, 84, 34]
Detected IDs: [34, 24, 84]
Detected IDs: [34, 24, 84]
Detected IDs: [54, 34, 24]
Detected IDs: [54, 34, 24]
Detected IDs: [54, 24]
Detected IDs: [54, 24]
Detected IDs: [54, 24]

============================================================
  ✓ ArUco MARKER 54 VERIFIED at viewpoint 4
============================================================
Viewpoint done
Go to 5 using straight with 1 subgoals
Detected IDs: [24]
Detected IDs: [24]
Detected IDs: [24]
Detected IDs: [44, 24]
Detected IDs: [44]
Detected IDs: [44]
Detected IDs: [74, 64, 64]

============================================================
  ✓ ArUco MARKER 64 VERIFIED at viewpoint 5
============================================================
Viewpoint done
Go to 6 using straight with 1 subgoals
Detected IDs: [44, 74, 24]
Detected IDs: [44, 74, 24]
Detected IDs: [44, 24]
Detected IDs: [24]
  ✗ ArUco marker 74 NOT seen at viewpoint 6
Viewpoint done
Detected IDs: [74]
Go to 7 using straight with 1 subgoals
Detected IDs: [74]
Detected IDs: [74]
Detected IDs: [74]
Detected IDs: [74]
Detected IDs: [74]
Detected IDs: [84, 34]

============================================================
  ✓ ArUco MARKER 84 VERIFIED at viewpoint 7
============================================================
Viewpoint done
Go to 8 using straight with 1 subgoals
Detected IDs: [84, 34]
Detected IDs: [84, 34]
Detected IDs: [84, 34]
Detected IDs: [84, 34, 84]
Detected IDs: [84, 34, 84]
Detected IDs: [34, 84]
Detected IDs: [34, 54, 24]
Detected IDs: [54]
Detected IDs: [54]
Detected IDs: [54]
Detected IDs: [54]
Detected IDs: [54]
  ✗ ArUco marker 14 NOT seen at viewpoint 8
Viewpoint done
Go to 9 using straight with 1 subgoals
Detected IDs: [54, 14]
Detected IDs: [14]
Detected IDs: [14]
  ✗ ArUco marker 24 NOT seen at viewpoint 9
Viewpoint done
Go to 10 using straight with 1 subgoals
Detected IDs: [24, 54, 24]
Detected IDs: [54, 34, 24]
Detected IDs: [54, 24, 84, 84]
Detected IDs: [44, 74, 54, 34]
Detected IDs: [44, 74, 54, 34]
Detected IDs: [44, 74, 54]
Detected IDs: [44]
Detected IDs: [34]
  ✗ ArUco marker 34 NOT seen at viewpoint 10
Viewpoint done
Go to 11 using straight with 1 subgoals
Detected IDs: [34]
Detected IDs: [34]
Detected IDs: [24]
Detected IDs: [74, 24]
Detected IDs: [44]

============================================================
  ✓ ArUco MARKER 44 VERIFIED at viewpoint 11
============================================================
Viewpoint done
Go to 12 using straight with 1 subgoals
Detected IDs: [74, 44]
Detected IDs: [44]
Detected IDs: [44]
Detected IDs: [24, 44]
Detected IDs: [34]
Detected IDs: [34, 54]
Detected IDs: [34, 54, 44]

============================================================
  ✓ ArUco MARKER 54 VERIFIED at viewpoint 12
============================================================
Viewpoint done
Go to 13 using straight with 1 subgoals
Detected IDs: [34, 54, 44]
Detected IDs: [34]
Detected IDs: [34]
Detected IDs: [44, 34]
Detected IDs: [44, 74, 34]
Detected IDs: [54, 44, 74, 34]
Detected IDs: [44, 34]
Detected IDs: [44, 34]
Detected IDs: [44, 74, 64, 34]

============================================================
  ✓ ArUco MARKER 64 VERIFIED at viewpoint 13
============================================================
Viewpoint done
Detected IDs: [54, 44, 64, 34]
Go to 14 using straight with 1 subgoals
Detected IDs: [64, 34]
Detected IDs: [44, 54]
Detected IDs: [44, 74, 54, 34]
Detected IDs: [74]
Detected IDs: [74]

============================================================
  ✓ ArUco MARKER 74 VERIFIED at viewpoint 14
============================================================
Viewpoint done
Detected IDs: [74]
Go to 15 using straight with 1 subgoals
Detected IDs: [74]
Detected IDs: [74]
Detected IDs: [34, 84, 14]
Detected IDs: [24, 34, 84]
Detected IDs: [84]
Detected IDs: [84, 34]

============================================================
  ✓ ArUco MARKER 84 VERIFIED at viewpoint 15
============================================================
Viewpoint done
Go to 16 using straight with 1 subgoals
Detected IDs: [84, 34]
Detected IDs: [84]
Detected IDs: [24, 84, 34]
Detected IDs: [24, 34, 84]
Detected IDs: [84, 54, 34, 24]
Detected IDs: [84, 54, 14]
Detected IDs: [54, 24, 14, 84]

============================================================
  ✓ ArUco MARKER 14 VERIFIED at viewpoint 16
============================================================
Viewpoint done
Go to 17 using straight with 1 subgoals
Detected IDs: [54, 14, 84]
Detected IDs: [24, 14, 84, 54]
Detected IDs: [24, 84, 54]
Detected IDs: [54, 34, 24]
Detected IDs: [24, 54, 34, 84]
Detected IDs: [24]
Detected IDs: [24]
Detected IDs: [24]

============================================================
  ✓ ArUco MARKER 24 VERIFIED at viewpoint 17
============================================================
Viewpoint done
Go to 18 using straight with 1 subgoals
Detected IDs: [24]
Detected IDs: [24]
Detected IDs: [24]
Detected IDs: [24]
Detected IDs: [24]
Detected IDs: [34, 24]

============================================================
  ✓ ArUco MARKER 34 VERIFIED at viewpoint 18
============================================================
Viewpoint done
Go to 19 using straight with 1 subgoals
Detected IDs: [74]
Detected IDs: [74]
Detected IDs: [74]
Detected IDs: [44, 74]
Detected IDs: [44, 74, 54]
Detected IDs: [44]
Detected IDs: [74]
Detected IDs: [44]

============================================================
  ✓ ArUco MARKER 44 VERIFIED at viewpoint 19
============================================================
Viewpoint done
Go to 20 using straight with 1 subgoals
Detected IDs: [54]
Detected IDs: [54]

============================================================
  ✓ ArUco MARKER 54 VERIFIED at viewpoint 20
============================================================
Viewpoint done
Detected IDs: [54]
---------------------------------
Tour of scenarios/scenario3.yaml took 232.11707162857056 seconds
---------------------------------
Returning to start pose: [0.0, 0.0, 1.0], yaw=0.0
Detected IDs: [34]
Detected IDs: [54, 24, 84, 34]
Detected IDs: [54, 34, 84]
Detected IDs: [54, 24, 34]
Detected IDs: [54, 24]
Detected IDs: [54, 24]
Return-to-start verified: True
Detected IDs: [54, 24]
End mission
Land
Land success: True
Manual
Manual success: True
Disarm
Disarm success: False
