Start mission
Arm
Arm success: True
Offboard
Offboard success: True
Take Off
Take Off success: True
Run mission
Go to 1 using straight with 1 subgoals
  ✗ ArUco marker 24 NOT seen at viewpoint 1
Viewpoint done
Go to 2 using straight with 1 subgoals
  ✗ ArUco marker 34 NOT seen at viewpoint 2
Viewpoint done
Go to 3 using straight with 1 subgoals
  ✗ ArUco marker 44 NOT seen at viewpoint 3
Viewpoint done
Go to 4 using straight with 1 subgoals
Viewpoint 4 failed (action timeout/sim quirk), continuing to next
Go to 5 using straight with 1 subgoals
Viewpoint 5 failed (action timeout/sim quirk), continuing to next
Go to 6 using straight with 1 subgoals
Viewpoint 6 failed (action timeout/sim quirk), continuing to next
Go to 7 using straight with 1 subgoals
Viewpoint 7 failed (action timeout/sim quirk), continuing to next
Go to 8 using straight with 1 subgoals
Viewpoint 8 failed (action timeout/sim quirk), continuing to next
Go to 9 using straight with 1 subgoals
Viewpoint 9 failed (action timeout/sim quirk), continuing to next
Go to 10 using straight with 1 subgoals
Viewpoint 10 failed (action timeout/sim quirk), continuing to next
---------------------------------
Tour of scenarios/scenario2.yaml took 193.84914755821228 seconds
---------------------------------
Returning to start pose: [0.0, 0.0, 1.0], yaw=0.0
Return-to-start failed: stuck_no_progress
End mission
Land
Land success: False
Manual
Manual success: True
Disarm
Disarm success: True
